[2024-11-23T15:09:07.175+0000] {taskinstance.py:1159} INFO - Dependencies all met for dep_context=non-requeueable deps ti=<TaskInstance: beautiful.extract_from scheduled__2024-11-15T00:00:00+00:00 [queued]>
[2024-11-23T15:09:07.215+0000] {taskinstance.py:1159} INFO - Dependencies all met for dep_context=requeueable deps ti=<TaskInstance: beautiful.extract_from scheduled__2024-11-15T00:00:00+00:00 [queued]>
[2024-11-23T15:09:07.216+0000] {taskinstance.py:1361} INFO - Starting attempt 1 of 1
[2024-11-23T15:09:07.340+0000] {taskinstance.py:1382} INFO - Executing <Task(PythonOperator): extract_from> on 2024-11-15 00:00:00+00:00
[2024-11-23T15:09:07.362+0000] {standard_task_runner.py:57} INFO - Started process 101 to run task
[2024-11-23T15:09:07.388+0000] {standard_task_runner.py:84} INFO - Running: ['***', 'tasks', 'run', 'beautiful', 'extract_from', 'scheduled__2024-11-15T00:00:00+00:00', '--job-id', '60', '--raw', '--subdir', 'DAGS_FOLDER/beautiful.py', '--cfg-path', '/tmp/tmpbu1n2xll']
[2024-11-23T15:09:07.400+0000] {standard_task_runner.py:85} INFO - Job 60: Subtask extract_from
[2024-11-23T15:09:07.671+0000] {task_command.py:416} INFO - Running <TaskInstance: beautiful.extract_from scheduled__2024-11-15T00:00:00+00:00 [running]> on host 9864b988206a
[2024-11-23T15:09:07.962+0000] {taskinstance.py:1662} INFO - Exporting env vars: AIRFLOW_CTX_DAG_OWNER='***' AIRFLOW_CTX_DAG_ID='beautiful' AIRFLOW_CTX_TASK_ID='extract_from' AIRFLOW_CTX_EXECUTION_DATE='2024-11-15T00:00:00+00:00' AIRFLOW_CTX_TRY_NUMBER='1' AIRFLOW_CTX_DAG_RUN_ID='scheduled__2024-11-15T00:00:00+00:00'
[2024-11-23T15:09:08.653+0000] {warnings.py:109} WARNING - /opt/***/dags/beautiful.py:14: GuessedAtParserWarning: No parser was explicitly specified, so I'm using the best available HTML parser for this system ("lxml"). This usually isn't a problem, but if you run this code on another system, or in a different virtual environment, it may use a different parser and behave differently.

The code that caused this warning is on line 14 of the file /opt/***/dags/beautiful.py. To get rid of this warning, pass the additional argument 'features="lxml"' to the BeautifulSoup constructor.

  soup = BeautifulSoup(page.text, 'html')

[2024-11-23T15:09:09.274+0000] {python.py:194} INFO - Done. Returned value was:   Rank                Name                 Industry  Profits(USD millions)
0    1               Apple              Electronics                  96995
1    2  Berkshire Hathaway             Conglomerate                  96223
2    3            Alphabet               Technology                  73795
3    4           Microsoft               Technology                  72361
4    5      JPMorgan Chase               Financials                  49552
5    6      Meta Platforms               Technology                  39098
6    7          ExxonMobil       Petroleum industry                  36010
7    8   Johnson & Johnson  Pharmaceutical industry                  35153
8    9              Amazon        Retail/Technology                  30425
9   10              Nvidia               Technology                  29760
[2024-11-23T15:09:09.585+0000] {taskinstance.py:1400} INFO - Marking task as SUCCESS. dag_id=beautiful, task_id=extract_from, execution_date=20241115T000000, start_date=20241123T150907, end_date=20241123T150909
[2024-11-23T15:09:09.752+0000] {local_task_job_runner.py:228} INFO - Task exited with return code 0
[2024-11-23T15:09:09.859+0000] {taskinstance.py:2778} INFO - 1 downstream tasks scheduled from follow-on schedule check
