[2024-11-12T14:18:20.047+0000] {taskinstance.py:1159} INFO - Dependencies all met for dep_context=non-requeueable deps ti=<TaskInstance: beautiful.load_data manual__2024-11-12T14:18:01.190499+00:00 [queued]>
[2024-11-12T14:18:20.069+0000] {taskinstance.py:1159} INFO - Dependencies all met for dep_context=requeueable deps ti=<TaskInstance: beautiful.load_data manual__2024-11-12T14:18:01.190499+00:00 [queued]>
[2024-11-12T14:18:20.070+0000] {taskinstance.py:1361} INFO - Starting attempt 1 of 1
[2024-11-12T14:18:20.104+0000] {taskinstance.py:1382} INFO - Executing <Task(PythonOperator): load_data> on 2024-11-12 14:18:01.190499+00:00
[2024-11-12T14:18:20.125+0000] {standard_task_runner.py:57} INFO - Started process 2171 to run task
[2024-11-12T14:18:20.137+0000] {standard_task_runner.py:84} INFO - Running: ['***', 'tasks', 'run', 'beautiful', 'load_data', 'manual__2024-11-12T14:18:01.190499+00:00', '--job-id', '24', '--raw', '--subdir', 'DAGS_FOLDER/beautiful.py', '--cfg-path', '/tmp/tmpvcxhdmw6']
[2024-11-12T14:18:20.143+0000] {standard_task_runner.py:85} INFO - Job 24: Subtask load_data
[2024-11-12T14:18:20.393+0000] {task_command.py:416} INFO - Running <TaskInstance: beautiful.load_data manual__2024-11-12T14:18:01.190499+00:00 [running]> on host 9864b988206a
[2024-11-12T14:18:20.612+0000] {taskinstance.py:1662} INFO - Exporting env vars: AIRFLOW_CTX_DAG_OWNER='***' AIRFLOW_CTX_DAG_ID='beautiful' AIRFLOW_CTX_TASK_ID='load_data' AIRFLOW_CTX_EXECUTION_DATE='2024-11-12T14:18:01.190499+00:00' AIRFLOW_CTX_TRY_NUMBER='1' AIRFLOW_CTX_DAG_RUN_ID='manual__2024-11-12T14:18:01.190499+00:00'
[2024-11-12T14:18:20.616+0000] {taskinstance.py:1937} ERROR - Task failed with exception
Traceback (most recent call last):
  File "/home/airflow/.local/lib/python3.8/site-packages/airflow/operators/python.py", line 192, in execute
    return_value = self.execute_callable()
  File "/home/airflow/.local/lib/python3.8/site-packages/airflow/operators/python.py", line 209, in execute_callable
    return self.python_callable(*self.op_args, **self.op_kwargs)
  File "/opt/airflow/dags/beautiful.py", line 37, in load_data
    df = ti.xcom_pull(task_id = 'extract_from')
  File "/home/airflow/.local/lib/python3.8/site-packages/airflow/utils/session.py", line 79, in wrapper
    return func(*args, session=session, **kwargs)
TypeError: xcom_pull() got an unexpected keyword argument 'task_id'
[2024-11-12T14:18:20.640+0000] {taskinstance.py:1400} INFO - Marking task as FAILED. dag_id=beautiful, task_id=load_data, execution_date=20241112T141801, start_date=20241112T141820, end_date=20241112T141820
[2024-11-12T14:18:20.669+0000] {standard_task_runner.py:104} ERROR - Failed to execute job 24 for task load_data (xcom_pull() got an unexpected keyword argument 'task_id'; 2171)
[2024-11-12T14:18:20.689+0000] {local_task_job_runner.py:228} INFO - Task exited with return code 1
[2024-11-12T14:18:20.722+0000] {taskinstance.py:2778} INFO - 0 downstream tasks scheduled from follow-on schedule check
